[data] Magpie composition features added: 120

=== tier 'full': 132 columns (0 dropped) ===
  [full rep 1/3 fold 1/5] (14s)
  [full rep 1/3 fold 2/5] (14s)
  [full rep 1/3 fold 3/5] (14s)
  [full rep 1/3 fold 4/5] (14s)
  [full rep 1/3 fold 5/5] (13s)
  [full rep 2/3 fold 1/5] (14s)
  [full rep 2/3 fold 2/5] (14s)
  [full rep 2/3 fold 3/5] (14s)
  [full rep 2/3 fold 4/5] (13s)
  [full rep 2/3 fold 5/5] (14s)
  [full rep 3/3 fold 1/5] (14s)
  [full rep 3/3 fold 2/5] (14s)
  [full rep 3/3 fold 3/5] (14s)
  [full rep 3/3 fold 4/5] (14s)
  [full rep 3/3 fold 5/5] (14s)

=== tier 'geometry_only': 126 columns (6 dropped) ===
  [geometry_only rep 1/3 fold 1/5] (12s)
  [geometry_only rep 1/3 fold 2/5] (13s)
  [geometry_only rep 1/3 fold 3/5] (13s)
  [geometry_only rep 1/3 fold 4/5] (13s)
  [geometry_only rep 1/3 fold 5/5] (13s)
  [geometry_only rep 2/3 fold 1/5] (13s)
  [geometry_only rep 2/3 fold 2/5] (13s)
  [geometry_only rep 2/3 fold 3/5] (13s)
  [geometry_only rep 2/3 fold 4/5] (13s)
  [geometry_only rep 2/3 fold 5/5] (13s)
  [geometry_only rep 3/3 fold 1/5] (12s)
  [geometry_only rep 3/3 fold 2/5] (13s)
  [geometry_only rep 3/3 fold 3/5] (14s)
  [geometry_only rep 3/3 fold 4/5] (13s)
  [geometry_only rep 3/3 fold 5/5] (14s)

=== tier 'dft_free': 123 columns (9 dropped) ===
  [dft_free rep 1/3 fold 1/5] (12s)
  [dft_free rep 1/3 fold 2/5] (12s)
  [dft_free rep 1/3 fold 3/5] (12s)
  [dft_free rep 1/3 fold 4/5] (13s)
  [dft_free rep 1/3 fold 5/5] (13s)
  [dft_free rep 2/3 fold 1/5] (12s)
  [dft_free rep 2/3 fold 2/5] (13s)
  [dft_free rep 2/3 fold 3/5] (13s)
  [dft_free rep 2/3 fold 4/5] (12s)
  [dft_free rep 2/3 fold 5/5] (13s)
  [dft_free rep 3/3 fold 1/5] (12s)
  [dft_free rep 3/3 fold 2/5] (12s)
  [dft_free rep 3/3 fold 3/5] (12s)
  [dft_free rep 3/3 fold 4/5] (13s)
  [dft_free rep 3/3 fold 5/5] (13s)

========================================================================

--- tier: full
    stack_ridge  R2=0.8798+/-0.0368  MAE=0.3601
    stack_nnls   R2=0.8786+/-0.0368  MAE=0.3611
    mlp          R2=0.8639+/-0.0362  MAE=0.3797
    pinn         R2=0.8638+/-0.0345  MAE=0.3825
    prior_xgb    R2=0.8579+/-0.0369  MAE=0.3883
    prior_gbr    R2=0.8521+/-0.0432  MAE=0.4053
    prior_rf     R2=0.8262+/-0.0477  MAE=0.4430
    rf           R2=0.8254+/-0.0485  MAE=0.4435
    gbr          R2=0.8210+/-0.0495  MAE=0.4666
    svr          R2=0.7763+/-0.0391  MAE=0.4968
    stack vs prior_xgb  won 14/15  p=0.0249
    stack vs prior_gbr  won 14/15  p=0.0022
    stack vs prior_rf   won 15/15  p=0.0001

--- tier: geometry_only
    stack_ridge  R2=0.8452+/-0.0458  MAE=0.3980
    stack_nnls   R2=0.8440+/-0.0437  MAE=0.4003
    prior_xgb    R2=0.8285+/-0.0476  MAE=0.4257
    prior_gbr    R2=0.8225+/-0.0532  MAE=0.4455
    mlp          R2=0.8220+/-0.0420  MAE=0.4239
    pinn         R2=0.8198+/-0.0482  MAE=0.4218
    prior_rf     R2=0.7964+/-0.0542  MAE=0.4839
    rf           R2=0.7957+/-0.0527  MAE=0.4866
    gbr          R2=0.7918+/-0.0555  MAE=0.5060
    svr          R2=0.7369+/-0.0454  MAE=0.5480
    stack vs prior_xgb  won 14/15  p=0.0418
    stack vs prior_gbr  won 14/15  p=0.0060
    stack vs prior_rf   won 15/15  p=0.0005

--- tier: dft_free
    stack_ridge  R2=0.8359+/-0.0573  MAE=0.4172
    stack_nnls   R2=0.8342+/-0.0540  MAE=0.4201
    prior_xgb    R2=0.8213+/-0.0480  MAE=0.4403
    prior_gbr    R2=0.8176+/-0.0485  MAE=0.4582
    pinn         R2=0.8123+/-0.0621  MAE=0.4342
    mlp          R2=0.8098+/-0.0638  MAE=0.4364
    rf           R2=0.7897+/-0.0520  MAE=0.4996
    prior_rf     R2=0.7888+/-0.0540  MAE=0.4992
    gbr          R2=0.7810+/-0.0612  MAE=0.5251
    svr          R2=0.7221+/-0.0453  MAE=0.5686
    stack vs prior_xgb  won 12/15  p=0.0965
    stack vs prior_gbr  won 12/15  p=0.0560
    stack vs prior_rf   won 14/15  p=0.0041

runtime 630.2s
